capture fr m hero
capture fr m cabine
capture fr m defile
capture fr m garde-robe
capture fr m piece
capture fr m commander
capture en m hero
capture en m cabine
capture en m defile
capture en m garde-robe
capture en m piece
capture en m commander
capture es m hero
capture es m cabine
capture es m defile
capture es m garde-robe
capture es m piece
capture es m commander
capture ar m hero
capture ar m cabine
capture ar m defile
capture ar m garde-robe
capture ar m piece
capture ar m commander
capture fr d hero
capture fr d cabine
capture fr d defile
capture fr d piece
capture en d hero
capture en d cabine
capture en d defile
capture en d piece
capture es d hero
capture es d cabine
capture es d defile
capture es d piece
capture ar d hero
capture ar d cabine
capture ar d defile
capture ar d piece
